Sorbet's language server requires at least one input directory.
