Sorbet's language server requires a single input directory when used with --override-lsp-workspace-root
