Content-Length: 427

{"jsonrpc":"2.0","id":0,"requestMethod":"initialize","result":{"capabilities":{"textDocumentSync":1,"hoverProvider":true,"completionProvider":{"triggerCharacters":["."]},"definitionProvider":true,"typeDefinitionProvider":true,"referencesProvider":true,"documentHighlightProvider":false,"documentSymbolProvider":false,"workspaceSymbolProvider":true,"codeActionProvider":{"codeActionKinds":["quickfix","source.fixAll.sorbet"]}}}}Content-Length: 383

{"jsonrpc":"2.0","id":1,"requestMethod":"sorbet/readFile","error":{"code":-32602,"message":"Did not find file at uri file:///private/var/tmp/_bazel_bo.sorensen/47e7c50150cf089c885aeaf06e0cd74f/execroot/com_stripe_ruby_typer/bazel-out/darwin-dbg/bin/test/cli/test_lsp-multiple-input-dirs.runfiles/com_stripe_ruby_typer/test/cli/lsp-multiple-input-dirs/dir_b/a.rb in sorbet/readFile"}}Content-Length: 395

{"jsonrpc":"2.0","id":1,"requestMethod":"sorbet/readFile","result":{"uri":"file:///private/var/tmp/_bazel_bo.sorensen/47e7c50150cf089c885aeaf06e0cd74f/execroot/com_stripe_ruby_typer/bazel-out/darwin-dbg/bin/test/cli/test_lsp-multiple-input-dirs.runfiles/com_stripe_ruby_typer/test/cli/lsp-multiple-input-dirs/dir_b/b.rb","languageId":"ruby","version":0,"text":"# typed: true\nclass B < A; end"}}Content-Length: 65

{"jsonrpc":"2.0","id":2,"requestMethod":"shutdown","result":null}